
; 64tass Turbo Assembler Macro V1.54.1900 listing file
; 64tass -a -b -c -o test.bin -L test.lst test.asm
; Tue Jul 16 22:49:50 2019

;Offset	;Hex		;Monitor	;Source

;******  Processing input file: test.asm

.0000	ea		nop				nop
=$08					fpa		= $08 			; 6 byte mantissa/exponent/sign
=$10					fpb		= $10			; 6 byte mantissa/exponent/sign
=$18					fpWork  = $18			; 4 byte temporary work area (multiply and divide)
=129					fpBias  = 129			; float bias.
=$04					addr 	= $04
.1000					Startup:
.1000	a9 00		lda #$00			lda 	#FPCode & $FF
.1002	85 04		sta $04				sta 	addr
.1004	a9 18		lda #$18			lda 	#FPCode >> 8
.1006	85 05		sta $05				sta 	addr + 1
.1008					CheckLoop:
.1008	b2 04		lda ($04)			lda 	(addr)
.100a	e6 04		inc $04				inc 	addr
.100c	d0 02		bne $1010			bne		NoCarry
.100e	e6 05		inc $05				inc 	addr+1
.1010					NoCarry:
.1010	c9 02		cmp #$02			cmp 	#cmd_f_to_b
.1012	f0 57		beq $106b			beq 	CopyIn
.1014	c9 01		cmp #$01			cmp 	#cmd_i_to_b
.1016	f0 53		beq $106b			beq 	CopyIn
.1018	c9 0f		cmp #$0f			cmp 	#cmd_b_to_a
.101a	d0 06		bne $1022			bne 	Skip_Float_COPY_BToA
.101c	20 88 12	jsr $1288			jsr 	Float_COPY_BToA
.101f	4c 08 10	jmp $1008			jmp 	CheckLoop
.1022					Skip_Float_COPY_BToA:
.1022	c9 03		cmp #$03			cmp 	#cmd_add
.1024	d0 06		bne $102c			bne 	Skip_Float_ADD
.1026	20 06 12	jsr $1206			jsr 	Float_ADD
.1029	4c 08 10	jmp $1008			jmp 	CheckLoop
.102c					Skip_Float_ADD:
.102c	c9 04		cmp #$04			cmp 	#cmd_sub
.102e	d0 06		bne $1036			bne 	Skip_Float_SUB
.1030	20 00 12	jsr $1200			jsr 	Float_SUB
.1033	4c 08 10	jmp $1008			jmp 	CheckLoop
.1036					Skip_Float_SUB:
.1036	c9 05		cmp #$05			cmp 	#cmd_mul
.1038	d0 06		bne $1040			bne 	Skip_Float_MUL
.103a	20 fb 12	jsr $12fb			jsr 	Float_MUL
.103d	4c 08 10	jmp $1008			jmp 	CheckLoop
.1040					Skip_Float_MUL:
.1040	c9 06		cmp #$06			cmp 	#cmd_div
.1042	d0 06		bne $104a			bne 	Skip_Float_DIV
.1044	20 77 13	jsr $1377			jsr 	Float_DIV
.1047	4c 08 10	jmp $1008			jmp 	CheckLoop
.104a					Skip_Float_DIV:
.104a	c9 0a		cmp #$0a			cmp 	#cmd_ftoi
.104c	d0 06		bne $1054			bne 	Skip_Float_TOINT
.104e	20 01 14	jsr $1401			jsr 	Float_TOINT
.1051	4c 08 10	jmp $1008			jmp 	CheckLoop
.1054					Skip_Float_TOINT:
.1054	c9 09		cmp #$09			cmp 	#cmd_itof
.1056	d0 06		bne $105e			bne 	Skip_Float_TOFLOAT
.1058	20 33 14	jsr $1433			jsr 	Float_TOFLOAT
.105b	4c 08 10	jmp $1008			jmp 	CheckLoop
.105e					Skip_Float_TOFLOAT:
.105e	c9 0b		cmp #$0b			cmp 	#cmd_equal0
.1060	f0 45		beq $10a7			beq 	TestNearZero
.1062	c9 0c		cmp #$0c			cmp 	#cmd_intexact
.1064	f0 1f		beq $1085			beq 	TestEqualInt
.1066	c9 10		cmp #$10			cmp 	#cmd_halt
.1068					Error:
.1068	d0 fe		bne $1068			bne 	Error
>106a	02						.byte 	2
.106b	a0 05		ldy #$05	CopyIn:	ldy 	#5
.106d	b1 04		lda ($04),y	_CILoop:lda 	(addr),y
.106f	99 10 00	sta $0010,y			sta 	fpb,y
.1072	88		dey				dey
.1073	10 f8		bpl $106d			bpl 	_CILoop
.1075	a5 04		lda $04				lda 	addr
.1077	18		clc				clc
.1078	69 06		adc #$06			adc 	#6
.107a	85 04		sta $04				sta 	addr
.107c	90 02		bcc $1080			bcc 	GoCheckLoop
.107e	e6 05		inc $05				inc 	addr+1
.1080					GoCheckLoop:
.1080	4c 08 10	jmp $1008			jmp 	CheckLoop
.1083	80 fe		bra $1083	w1:		bra 	w1
.1085					TestEqualInt:
.1085	a5 0b		lda $0b				lda 	fpa+3
.1087	c5 13		cmp $13				cmp 	fpb+3
.1089	d0 15		bne $10a0			bne 	ZeroFail
.108b	a5 0a		lda $0a				lda 	fpa+2
.108d	c5 12		cmp $12				cmp 	fpb+2
.108f	d0 0f		bne $10a0			bne 	ZeroFail
.1091	a5 09		lda $09				lda 	fpa+1
.1093	c5 11		cmp $11				cmp 	fpb+1
.1095	d0 09		bne $10a0			bne 	ZeroFail
.1097	a5 08		lda $08				lda 	fpa+0
.1099	c5 10		cmp $10				cmp 	fpb+0
.109b	d0 03		bne $10a0			bne 	ZeroFail
.109d	4c 80 10	jmp $1080			jmp 	GoCheckLoop
.10a0					ZeroFail:
.10a0	a9 00		lda #$00			lda 	#0
.10a2	a6 04		ldx $04				ldx 	addr
.10a4	a4 05		ldy $05				ldy 	addr+1
.10a6	ea		nop				nop
.10a7					TestNearZero:
.10a7	a5 0c		lda $0c				lda 	fpa+4
.10a9	f0 d5		beq $1080			beq 	GoCheckLoop
.10ab	38		sec				sec
.10ac	e5 14		sbc $14				sbc 	fpb+4
.10ae	10 03		bpl $10b3			bpl 	_TNZAbs
.10b0	49 ff		eor #$ff			eor 	#$FF
.10b2	1a		inc a				inc 	a
.10b3					_TNZAbs:
.10b3	c9 0c		cmp #$0c			cmp 	#$0C
.10b5	b0 c9		bcs $1080			bcs 	GoCheckLoop
.10b7	a9 01		lda #$01			lda 	#1
.10b9	a6 04		ldx $04				ldx 	addr
.10bb	a4 05		ldy $05				ldy 	addr+1
.10bd	ea		nop				nop
.10be					EH_Overflow:
.10be					EH_DivZero:
.10be	80 fe		bra $10be	Stop:	bra 	Stop

;******  Processing file: floatingpoint.asm

=12					fpaE = fpa + 4 								; addresses of exponents
=20					fpbE = fpb + 4 								; (first 4 bytes is mantissa with bit 31 set if #0)
=13					fpaSign = fpa + 5 							; sign (0 = +ve, 1 = -ve)
=21					fpbSign = fpb + 5
.1200					Float_SUB:
.1200	a5 15		lda $15				lda 	fpbSign 					; flip the sign of the second, and add !
.1202	49 01		eor #$01			eor 	#1
.1204	85 15		sta $15				sta 	fpbSign
.1206					Float_ADD:
.1206	20 a4 12	jsr $12a4			jsr 	Float_NormalizeBoth 		; Normalise fpa/fpb.
.1209					_FA_TestZero:
.1209	a5 14		lda $14				lda 	fpbE 						; if B.E is zero, adding zero, so no change.
.120b	f0 7a		beq $1287			beq 	_FA_Exit
.120d	a5 0c		lda $0c				lda 	fpaE 						; if A.E is zero, the result is B
.120f	f0 73		beq $1284			beq 	_FA_CopyBToA
.1211	20 c6 12	jsr $12c6			jsr 	Float_AlignExponents 		; align exponents
.1214	a5 0c		lda $0c				lda 	fpaE 						; if either has zerod out, then go back
.1216	f0 f1		beq $1209			beq 	_FA_TestZero 				; and do zero testing code.
.1218	a5 14		lda $14				lda 	fpbE
.121a	f0 ed		beq $1209			beq 	_FA_TestZero
.121c	a5 0d		lda $0d				lda 	fpaSign 					; different signs.
.121e	c5 15		cmp $15				cmp 	fpbSign
.1220	d0 2f		bne $1251			bne 	_FA_DifferentSigns
.1222	18		clc				clc
.1223	a5 08		lda $08				lda 	fpa+0 						; add together.
.1225	65 10		adc $10				adc 	fpb+0
.1227	85 08		sta $08				sta 	fpa+0
.1229	a5 09		lda $09				lda 	fpa+1
.122b	65 11		adc $11				adc 	fpb+1
.122d	85 09		sta $09				sta 	fpa+1
.122f	a5 0a		lda $0a				lda 	fpa+2
.1231	65 12		adc $12				adc 	fpb+2
.1233	85 0a		sta $0a				sta 	fpa+2
.1235	a5 0b		lda $0b				lda 	fpa+3
.1237	65 13		adc $13				adc 	fpb+3
.1239	85 0b		sta $0b				sta 	fpa+3
.123b	90 0c		bcc $1249			bcc 	_FA_NoShift 				; no overflow, so no need to shift.
.123d	e6 0c		inc $0c				inc 	fpaE 						; bump fpa-E and shift A right
.123f	f0 60		beq $12a1			beq 	Float_Error
.1241	46 0b		lsr $0b				lsr 	fpa+3
.1243	66 0a		ror $0a				ror 	fpa+2
.1245	66 09		ror $09				ror 	fpa+1
.1247	66 08		ror $08				ror 	fpa+0
.1249					_FA_NoShift:
.1249	a5 0b		lda $0b				lda 	fpa+3						; set bit 3.
.124b	09 80		ora #$80			ora 	#$80
.124d	85 0b		sta $0b				sta 	fpa+3
.124f	80 36		bra $1287			bra 	_FA_Exit
.1251					_FA_DifferentSigns:
.1251	38		sec				sec 								; subtract B from A
.1252	a5 08		lda $08				lda 	fpa+0
.1254	e5 10		sbc $10				sbc 	fpb+0
.1256	85 08		sta $08				sta 	fpa+0
.1258	a5 09		lda $09				lda 	fpa+1
.125a	e5 11		sbc $11				sbc 	fpb+1
.125c	85 09		sta $09				sta 	fpa+1
.125e	a5 0a		lda $0a				lda 	fpa+2
.1260	e5 12		sbc $12				sbc 	fpb+2
.1262	85 0a		sta $0a				sta 	fpa+2
.1264	a5 0b		lda $0b				lda 	fpa+3
.1266	e5 13		sbc $13				sbc 	fpb+3
.1268	85 0b		sta $0b				sta 	fpa+3
.126a	b0 07		bcs $1273			bcs 	_FA_Normalize_Exit 		 	; if A was > B check for zero and exit.
.126c	20 e1 12	jsr $12e1			jsr 	Float_NegateMantissa 		; negate the actual mantissa
.126f	a5 15		lda $15				lda 	fpbSign 					; and return the sign of fpb
.1271	85 0d		sta $0d				sta 	fpaSign
.1273					_FA_Normalize_Exit:
.1273	a5 08		lda $08				lda 	fpa+0 						; is the mantissa zero ?
.1275	05 09		ora $09				ora 	fpa+1
.1277	05 0a		ora $0a				ora 	fpa+2
.1279	05 0b		ora $0b				ora 	fpa+3
.127b	d0 02		bne $127f			bne 	_FA_NonZero
.127d	85 0c		sta $0c				sta 	fpaE 						; if so, zero the exponent as they are same number
.127f					_FA_NonZero:
.127f	20 a4 12	jsr $12a4			jsr 	Float_NormalizeBoth
.1282	80 03		bra $1287			bra 	_FA_Exit
.1284					_FA_CopyBToA:
.1284	20 88 12	jsr $1288			jsr 	Float_COPY_BToA
.1287					_FA_Exit:
.1287	60		rts				rts
.1288					Float_COPY_BToA:
.1288	a5 10		lda $10				lda 	fpb+0
.128a	85 08		sta $08				sta 	fpa+0
.128c	a5 11		lda $11				lda 	fpb+1
.128e	85 09		sta $09				sta 	fpa+1
.1290	a5 12		lda $12				lda 	fpb+2
.1292	85 0a		sta $0a				sta 	fpa+2
.1294	a5 13		lda $13				lda 	fpb+3
.1296	85 0b		sta $0b				sta 	fpa+3
.1298	a5 14		lda $14				lda 	fpb+4
.129a	85 0c		sta $0c				sta 	fpa+4
.129c	a5 15		lda $15				lda 	fpb+5
.129e	85 0d		sta $0d				sta 	fpa+5
.12a0	60		rts				rts
.12a1					Float_Error:
.12a1	4c be 10	jmp $10be			jmp 	EH_Overflow
.12a4					Float_NormalizeBoth:
.12a4	da		phx				phx
.12a5	a2 08		ldx #$08			ldx 	#fpa 						; normalise FPA
.12a7	20 b1 12	jsr $12b1			jsr 	Float_NormalizeX
.12aa	a2 10		ldx #$10			ldx 	#fpb 						; normalise FPB
.12ac	20 b1 12	jsr $12b1			jsr 	Float_NormalizeX
.12af	fa		plx				plx
.12b0	60		rts				rts
.12b1					Float_NormalizeX:
.12b1	b5 04		lda $04,x			lda 	4,x 						; exit if exponent is zero, means result is zero.
.12b3	f0 10		beq $12c5			beq 	_FNX_Exit
.12b5					_FNX_Loop:
.12b5	b5 03		lda $03,x			lda 	3,x 						; look at high byte of mantissa
.12b7	30 0c		bmi $12c5			bmi 	_FNX_Exit 					; if high bit set, don't need to normalise.
.12b9	16 00		asl $00,x			asl 	0,x 						; shift the mantissa left
.12bb	36 01		rol $01,x			rol 	1,x
.12bd	36 02		rol $02,x			rol 	2,x
.12bf	36 03		rol $03,x			rol 	3,x
.12c1	d6 04		dec $04,x			dec 	4,x 						; decrement the exponent
.12c3	d0 f0		bne $12b5			bne 	_FNX_Loop 					; if we get too small, exponent is zero.
.12c5					_FNX_Exit:
.12c5	60		rts				rts
.12c6					Float_AlignExponents:
.12c6	da		phx				phx
.12c7					_FAE_Loop:
.12c7	a5 0c		lda $0c				lda 	fpaE 						; exponents the same ?
.12c9	c5 14		cmp $14				cmp 	fpbE
.12cb	f0 12		beq $12df			beq 	_FAE_Exit 					; if the same then exit.
.12cd	a2 08		ldx #$08			ldx 	#fpa 						; if fpaE < fpbE then bump fpa
.12cf	90 02		bcc $12d3			bcc 	_FAE_Shift
.12d1	a2 10		ldx #$10			ldx 	#fpb 						; if fpbE > fpaE then bump fpb
.12d3					_FAE_Shift:
.12d3	56 03		lsr $03,x			lsr 	3,x 						; shift exponent right.
.12d5	76 02		ror $02,x			ror 	2,x
.12d7	76 01		ror $01,x			ror 	1,x
.12d9	76 00		ror $00,x			ror 	0,x
.12db	f6 04		inc $04,x			inc 	4,x 						; increment exponent
.12dd	d0 e8		bne $12c7			bne 	_FAE_Loop 					; underflowed, so drop out.
.12df					_FAE_Exit:
.12df	fa		plx				plx
.12e0	60		rts				rts
.12e1					Float_NegateMantissa:
.12e1	38		sec				sec
.12e2	a9 00		lda #$00			lda 	#0
.12e4	e5 08		sbc $08				sbc 	fpa+0
.12e6	85 08		sta $08				sta 	fpa+0
.12e8	a9 00		lda #$00			lda 	#0
.12ea	e5 09		sbc $09				sbc 	fpa+1
.12ec	85 09		sta $09				sta 	fpa+1
.12ee	a9 00		lda #$00			lda 	#0
.12f0	e5 0a		sbc $0a				sbc 	fpa+2
.12f2	85 0a		sta $0a				sta 	fpa+2
.12f4	a9 00		lda #$00			lda 	#0
.12f6	e5 0b		sbc $0b				sbc 	fpa+3
.12f8	85 0b		sta $0b				sta 	fpa+3
.12fa	60		rts				rts
.12fb					Float_MUL:
.12fb	20 a4 12	jsr $12a4			jsr 	Float_NormalizeBoth 			; normalize A & B
.12fe	a5 0c		lda $0c				lda 	fpaE 							; check either exponent is zero
.1300	f0 72		beq $1374			beq 	_FM_Zero 						; because 0 * x = 0
.1302	a5 14		lda $14				lda 	fpbE
.1304	f0 6e		beq $1374			beq 	_FM_Zero
.1306	a5 0c		lda $0c				lda 	fpaE 							; new exponent = A.E - Bias + B.E
.1308	38		sec				sec
.1309	e9 81		sbc #$81			sbc 	#fpBias
.130b	18		clc				clc
.130c	65 14		adc $14				adc 	fpbE
.130e	85 0c		sta $0c				sta 	fpaE
.1310	a5 0d		lda $0d				lda 	fpaSign 						; work out sign.
.1312	45 15		eor $15				eor 	fpbSign
.1314	85 0d		sta $0d				sta 	fpaSign
.1316	64 18		stz $18				stz 	fpWork 							; zero the upper part of the product (fpWork)
.1318	64 19		stz $19				stz 	fpWork+1 						; the lower part is fpa's Mantissa
.131a	64 1a		stz $1a				stz 	fpWork+2
.131c	64 1b		stz $1b				stz 	fpWork+3 						; the adder is fpb's Mantissa
.131e	5a		phy				phy
.131f	a0 20		ldy #$20			ldy 	#32 							; do 32 times, except the last rotate.
.1321					_FM_Loop:
.1321	a5 08		lda $08				lda 	fpa+0 							; check bit 0 of the product (word.Amantissa)
.1323	6a		ror a				ror 	a
.1324	90 19		bcc $133f			bcc 	_FM_NoAdd 						; if bit 0 clear, don't add, with carry clear
.1326	18		clc				clc 									; add fpb.mantissa to the upper word of product
.1327	a5 10		lda $10				lda 	fpb+0
.1329	65 18		adc $18				adc 	fpWork+0
.132b	85 18		sta $18				sta 	fpWork+0
.132d	a5 11		lda $11				lda 	fpb+1
.132f	65 19		adc $19				adc 	fpWork+1
.1331	85 19		sta $19				sta 	fpWork+1
.1333	a5 12		lda $12				lda 	fpb+2
.1335	65 1a		adc $1a				adc 	fpWork+2
.1337	85 1a		sta $1a				sta 	fpWork+2
.1339	a5 13		lda $13				lda 	fpb+3
.133b	65 1b		adc $1b				adc 	fpWork+3
.133d	85 1b		sta $1b				sta 	fpWork+3
.133f					_FM_NoAdd:
.133f	88		dey				dey 									; done the last, but one.
.1340	f0 13		beq $1355			beq 	_FM_DoneMain
.1342	66 1b		ror $1b				ror 	fpWork+3 						; shifting in the carry - so no LSR here
.1344	66 1a		ror $1a				ror 	fpWork+2
.1346	66 19		ror $19				ror 	fpWork+1
.1348	66 18		ror $18				ror 	fpWork+0
.134a	66 0b		ror $0b				ror 	fpa+3
.134c	66 0a		ror $0a				ror 	fpa+2
.134e	66 09		ror $09				ror 	fpa+1
.1350	66 08		ror $08				ror 	fpa+0
.1352	80 cd		bra $1321			bra 	_FM_Loop
.1354	7a		ply				ply
.1355					_FM_DoneMain:
.1355	7a		ply				ply 									; restore Y
.1356	a5 18		lda $18				lda 	fpWork+0 						; put product.left in mantissa
.1358	85 08		sta $08				sta 	fpa+0
.135a	a5 19		lda $19				lda 	fpWork+1
.135c	85 09		sta $09				sta 	fpa+1
.135e	a5 1a		lda $1a				lda 	fpWork+2
.1360	85 0a		sta $0a				sta 	fpa+2
.1362	a5 1b		lda $1b				lda 	fpWork+3
.1364	85 0b		sta $0b				sta 	fpa+3
.1366	90 0e		bcc $1376			bcc 	_FM_Exit 						; no carry out of add, no fix up.
.1368	66 0b		ror $0b				ror 	fpa+3 							; rotate that carry in.
.136a	66 0a		ror $0a				ror 	fpa+2
.136c	66 09		ror $09				ror 	fpa+1
.136e	66 08		ror $08				ror 	fpa+0
.1370	e6 0c		inc $0c				inc 	fpaE
.1372	80 02		bra $1376			bra 	_FM_Exit
.1374					_FM_Zero:
.1374	64 0c		stz $0c				stz 	fpaE 							; return zero.
.1376					_FM_Exit:
.1376	60		rts				rts
.1377					Float_DIV:
.1377	20 a4 12	jsr $12a4			jsr 	Float_NormalizeBoth 			; normalize A & B
.137a	a5 14		lda $14				lda 	fpbE 							; division by zero ?
.137c	d0 03		bne $1381			bne 	_FD_NotDivZero
.137e	4c be 10	jmp $10be			jmp 	EH_DivZero
.1381					_FD_NotDivZero:
.1381	a5 0c		lda $0c				lda 	fpaE 							; top zero?
.1383	f0 7b		beq $1400			beq 	_FD_Zero
.1385	a5 0c		lda $0c				lda 	fpaE 							; exp = e.A-e.B+bias+1
.1387	38		sec				sec
.1388	e5 14		sbc $14				sbc 	fpbE
.138a	18		clc				clc
.138b	69 82		adc #$82			adc 	#(fpBias+1)
.138d	85 0c		sta $0c				sta 	fpaE
.138f	a5 0d		lda $0d				lda 	fpaSign 						; work out sign.
.1391	45 15		eor $15				eor 	fpbSign
.1393	85 0d		sta $0d				sta 	fpaSign
.1395	64 18		stz $18				stz 	fpWork 							; zero work 0..3 (result)
.1397	64 19		stz $19				stz 	fpWork+1
.1399	64 1a		stz $1a				stz 	fpWork+2
.139b	64 1b		stz $1b				stz 	fpWork+3
.139d	5a		phy				phy 									; do 31 times
.139e	a0 1f		ldy #$1f			ldy 	#31
.13a0					_FD_Loop:
.13a0	38		sec				sec
.13a1	a5 08		lda $08				lda 	fpa+0 							; sub fpb from fpa, pushing lower bytes on stack
.13a3	e5 10		sbc $10				sbc 	fpb+0
.13a5	48		pha				pha
.13a6	a5 09		lda $09				lda 	fpa+1
.13a8	e5 11		sbc $11				sbc 	fpb+1
.13aa	48		pha				pha
.13ab	a5 0a		lda $0a				lda 	fpa+2
.13ad	e5 12		sbc $12				sbc 	fpb+2
.13af	48		pha				pha
.13b0	a5 0b		lda $0b				lda 	fpa+3
.13b2	e5 13		sbc $13				sbc 	fpb+3
.13b4	90 13		bcc $13c9			bcc		_FD_NoSubtract
.13b6	85 0b		sta $0b				sta 	fpa+3 							; can subtract, write fpa back.
.13b8	68		pla				pla
.13b9	85 0a		sta $0a				sta 	fpa+2
.13bb	68		pla				pla
.13bc	85 09		sta $09				sta 	fpa+1
.13be	68		pla				pla
.13bf	85 08		sta $08				sta 	fpa+0
.13c1	a5 1b		lda $1b				lda 	fpWork+3 						; set top bit of result.
.13c3	09 80		ora #$80			ora 	#$80
.13c5	85 1b		sta $1b				sta 	fpWork+3
.13c7	80 03		bra $13cc			bra 	_FDEndSub
.13c9					_FD_NoSubtract:
.13c9	68		pla				pla 									; can't subtract, throw away answers
.13ca	68		pla				pla
.13cb	68		pla				pla
.13cc					_FDEndSub:
.13cc	46 13		lsr $13				lsr 	fpb+3 							; shift mantissa B right
.13ce	66 12		ror $12				ror 	fpb+2
.13d0	66 11		ror $11				ror 	fpb+1
.13d2	66 10		ror $10				ror 	fpb+0
.13d4	06 18		asl $18				asl 	fpWork 							; 32 bit rotate result left
.13d6	26 19		rol $19				rol 	fpWork+1
.13d8	26 1a		rol $1a				rol 	fpWork+2
.13da	26 1b		rol $1b				rol 	fpWork+3
.13dc	90 02		bcc $13e0			bcc 	_FDNoCarryOut
.13de	e6 18		inc $18				inc 	fpWork 							; sets bit 0, completing the rotate.
.13e0					_FDNoCarryOut:
.13e0	88		dey				dey
.13e1	d0 bd		bne $13a0			bne 	_FD_Loop
.13e3	7a		ply				ply
.13e4	18		clc				clc
.13e5	a5 18		lda $18				lda 	fpWork							; put result in fpa, add 1 and normalise.
.13e7	69 01		adc #$01			adc 	#1
.13e9	85 08		sta $08				sta 	fpa
.13eb	a5 19		lda $19				lda 	fpWork+1
.13ed	69 00		adc #$00			adc 	#0
.13ef	85 09		sta $09				sta 	fpa+1
.13f1	a5 1a		lda $1a				lda 	fpWork+2
.13f3	69 00		adc #$00			adc 	#0
.13f5	85 0a		sta $0a				sta 	fpa+2
.13f7	a5 1b		lda $1b				lda 	fpWork+3
.13f9	69 00		adc #$00			adc 	#0
.13fb	85 0b		sta $0b				sta 	fpa+3
.13fd	20 a4 12	jsr $12a4			jsr 	Float_NormalizeBoth
.1400					_FD_Zero:
.1400	60		rts				rts
.1401					Float_TOINT:
.1401	20 2d 14	jsr $142d			jsr 	Float_CalculateIntegerShift 	; calculate/test integer right shift.
.1404	64 0c		stz $0c				stz 	fpaE 							; zero the exponent anyway.
.1406	c9 20		cmp #$20			cmp 	#32 							; if too many, return zero.
.1408	b0 1a		bcs $1424			bcs 	_FTIZero
.140a	da		phx				phx 									; put into X
.140b	aa		tax				tax
.140c	f0 0b		beq $1419			beq 	_FTIDone
.140e					_FTIShift:
.140e	46 0b		lsr $0b				lsr 	fpa+3
.1410	66 0a		ror $0a				ror 	fpa+2
.1412	66 09		ror $09				ror 	fpa+1
.1414	66 08		ror $08				ror 	fpa+0
.1416	ca		dex				dex
.1417	d0 f5		bne $140e			bne 	_FTIShift
.1419					_FTIDone:
.1419	a5 0d		lda $0d				lda 	fpaSign
.141b	f0 05		beq $1422			beq 	_FTINotNegative
.141d	64 0d		stz $0d				stz 	fpaSign
.141f	20 e1 12	jsr $12e1			jsr 	Float_NegateMantissa
.1422					_FTINotNegative:
.1422	fa		plx				plx 									; restore X	and exit.
.1423	60		rts				rts
.1424					_FTIZero:
.1424	64 08		stz $08				stz 	fpa+0 							; return zero.
.1426	64 09		stz $09				stz 	fpa+1
.1428	64 0a		stz $0a				stz 	fpa+2
.142a	64 0b		stz $0b				stz 	fpa+3
.142c	60		rts				rts
.142d					Float_CalculateIntegerShift:
.142d	a9 a0		lda #$a0			lda 	#(fpBias+32-1) 					; bias + bitcount - 1
.142f	38		sec				sec
.1430	e5 0c		sbc $0c				sbc 	fpaE 							; - exponent
.1432	60		rts				rts
.1433					Float_TOFLOAT:
.1433	64 0d		stz $0d				stz 	fpaSign							; clear the sign
.1435	a9 a0		lda #$a0			lda 	#fpBias+32-1 					; set the exponent
.1437	85 0c		sta $0c				sta 	fpaE
.1439	a5 0b		lda $0b				lda 	fpa+3 							; is it -ve ?
.143b	10 08		bpl $1445			bpl 	_FTFPositive
.143d	e6 0d		inc $0d				inc 	fpaSign 						; set the sign bit
.143f	20 e1 12	jsr $12e1			jsr 	Float_NegateMantissa
.1442	20 a4 12	jsr $12a4			jsr 	Float_NormalizeBoth
.1445					_FTFPositive:
.1445	60		rts				rts

;******  Return to file: test.asm


;******  Processing file: code.inc

=1					cmd_i_to_b = 1
=2					cmd_f_to_b = 2
=3					cmd_add = 3
=4					cmd_sub = 4
=5					cmd_mul = 5
=6					cmd_div = 6
=7					cmd_int = 7
=8					cmd_frac = 8
=9					cmd_itof = 9
=10					cmd_ftoi = 10
=11					cmd_equal0 = 11
=12					cmd_intexact = 12
=13					cmd_a_to_buffer = 13
=14					cmd_buffer_to_a = 14
=15					cmd_b_to_a = 15
=16					cmd_halt = 16
.1800					FPCode:
>1800	02 00 00 00 98 85 01			.byte 2,0,0,0,152,133,1                ; f>b  -19
>1807	0f					.byte 15                               ; b>a
>1808	02 0e 3c 1a f0 92 01			.byte 2,14,60,26,240,146,1             ; f>b  -245864.938384
>180f	03					.byte 3                                ; +
>1810	02 0e fc 1e f0 92 01			.byte 2,14,252,30,240,146,1            ; f>b  -245883.938384
>1817	04					.byte 4                                ; -
>1818	0b					.byte 11                               ; =0
>1819	02 61 05 b0 92 94 00			.byte 2,97,5,176,146,148,0             ; f>b  600832.336208
>1820	0f					.byte 15                               ; b>a
>1821	02 00 00 00 00 00 00			.byte 2,0,0,0,0,0,0                    ; f>b  0
>1828	04					.byte 4                                ; -
>1829	02 61 05 b0 92 94 00			.byte 2,97,5,176,146,148,0             ; f>b  600832.336208
>1830	04					.byte 4                                ; -
>1831	0b					.byte 11                               ; =0
>1832	02 00 00 00 00 00 00			.byte 2,0,0,0,0,0,0                    ; f>b  0
>1839	0f					.byte 15                               ; b>a
>183a	02 00 00 00 00 00 00			.byte 2,0,0,0,0,0,0                    ; f>b  0
>1841	05					.byte 5                                ; *
>1842	02 00 00 00 00 00 00			.byte 2,0,0,0,0,0,0                    ; f>b  0
>1849	04					.byte 4                                ; -
>184a	0b					.byte 11                               ; =0
>184b	02 00 b0 02 a2 94 01			.byte 2,0,176,2,162,148,1              ; f>b  -663595
>1852	0f					.byte 15                               ; b>a
>1853	02 f3 c9 7c 92 94 01			.byte 2,243,201,124,146,148,1          ; f>b  -600012.621964
>185a	06					.byte 6                                ; /
>185b	02 60 5f 90 8d 81 00			.byte 2,96,95,144,141,129,0            ; f>b  1.1059684008444322
>1862	04					.byte 4                                ; -
>1863	0b					.byte 11                               ; =0
>1864	02 00 d0 58 d9 94 01			.byte 2,0,208,88,217,148,1             ; f>b  -890253
>186b	0f					.byte 15                               ; b>a
>186c	0a					.byte 10                               ; ftoi
>186d	01 73 6a f2 ff 00 00			.byte 1,115,106,242,255,0,0            ; i>b  -890253
>1874	0c					.byte 12                               ; int==
>1875	01 1c 53 fb ff 00 00			.byte 1,28,83,251,255,0,0              ; i>b  -306404
>187c	0f					.byte 15                               ; b>a
>187d	09					.byte 9                                ; itof
>187e	02 00 80 9c 95 93 01			.byte 2,0,128,156,149,147,1            ; f>b  -306404
>1885	04					.byte 4                                ; -
>1886	0b					.byte 11                               ; =0
>1887	02 00 00 00 f0 84 01			.byte 2,0,0,0,240,132,1                ; f>b  -15
>188e	0f					.byte 15                               ; b>a
>188f	02 00 00 00 80 82 00			.byte 2,0,0,0,128,130,0                ; f>b  2
>1896	03					.byte 3                                ; +
>1897	02 00 00 00 d0 84 01			.byte 2,0,0,0,208,132,1                ; f>b  -13
>189e	04					.byte 4                                ; -
>189f	0b					.byte 11                               ; =0
>18a0	02 00 b0 48 d8 94 00			.byte 2,0,176,72,216,148,0             ; f>b  885899
>18a7	0f					.byte 15                               ; b>a
>18a8	02 00 00 00 80 83 00			.byte 2,0,0,0,128,131,0                ; f>b  4
>18af	04					.byte 4                                ; -
>18b0	02 00 70 48 d8 94 00			.byte 2,0,112,72,216,148,0             ; f>b  885895
>18b7	04					.byte 4                                ; -
>18b8	0b					.byte 11                               ; =0
>18b9	02 00 00 00 00 00 00			.byte 2,0,0,0,0,0,0                    ; f>b  0
>18c0	0f					.byte 15                               ; b>a
>18c1	02 88 50 a4 a8 94 01			.byte 2,136,80,164,168,148,1           ; f>b  -690757.033266
>18c8	05					.byte 5                                ; *
>18c9	02 00 00 00 00 00 00			.byte 2,0,0,0,0,0,0                    ; f>b  -0.0
>18d0	04					.byte 4                                ; -
>18d1	0b					.byte 11                               ; =0
>18d2	02 00 00 00 90 85 01			.byte 2,0,0,0,144,133,1                ; f>b  -18
>18d9	0f					.byte 15                               ; b>a
>18da	02 42 7c cf 9c 93 01			.byte 2,66,124,207,156,147,1           ; f>b  -321147.883146
>18e1	06					.byte 6                                ; /
>18e2	02 a7 18 16 eb 72 00			.byte 2,167,24,22,235,114,0            ; f>b  5.6048944877574846e-05
>18e9	04					.byte 4                                ; -
>18ea	0b					.byte 11                               ; =0
>18eb	02 00 00 00 00 00 00			.byte 2,0,0,0,0,0,0                    ; f>b  0
>18f2	0f					.byte 15                               ; b>a
>18f3	0a					.byte 10                               ; ftoi
>18f4	01 00 00 00 00 00 00			.byte 1,0,0,0,0,0,0                    ; i>b  0
>18fb	0c					.byte 12                               ; int==
>18fc	01 7c 5a f5 ff 00 00			.byte 1,124,90,245,255,0,0             ; i>b  -697732
>1903	0f					.byte 15                               ; b>a
>1904	09					.byte 9                                ; itof
>1905	02 00 40 58 aa 94 01			.byte 2,0,64,88,170,148,1              ; f>b  -697732
>190c	04					.byte 4                                ; -
>190d	0b					.byte 11                               ; =0
>190e	02 bc b3 86 b3 94 01			.byte 2,188,179,134,179,148,1          ; f>b  -735339.233454
>1915	0f					.byte 15                               ; b>a
>1916	02 64 29 c9 8e 94 01			.byte 2,100,41,201,142,148,1           ; f>b  -584850.587137
>191d	03					.byte 3                                ; +
>191e	02 90 ee 27 a1 95 01			.byte 2,144,238,39,161,149,1           ; f>b  -1320189.820591
>1925	04					.byte 4                                ; -
>1926	0b					.byte 11                               ; =0
>1927	02 1a 63 e3 ab 94 01			.byte 2,26,99,227,171,148,1            ; f>b  -704054.194082
>192e	0f					.byte 15                               ; b>a
>192f	02 00 90 67 ce 94 01			.byte 2,0,144,103,206,148,1            ; f>b  -845433
>1936	04					.byte 4                                ; -
>1937	02 94 b3 10 8a 92 00			.byte 2,148,179,16,138,146,0           ; f>b  141378.80591800006
>193e	04					.byte 4                                ; -
>193f	0b					.byte 11                               ; =0
>1940	02 00 00 00 00 00 00			.byte 2,0,0,0,0,0,0                    ; f>b  0
>1947	0f					.byte 15                               ; b>a
>1948	02 21 b5 76 88 91 00			.byte 2,33,181,118,136,145,0           ; f>b  69869.41507
>194f	05					.byte 5                                ; *
>1950	02 00 00 00 00 00 00			.byte 2,0,0,0,0,0,0                    ; f>b  0.0
>1957	04					.byte 4                                ; -
>1958	0b					.byte 11                               ; =0
>1959	02 1f fc db d4 93 01			.byte 2,31,252,219,212,147,1           ; f>b  -435935.878833
>1960	0f					.byte 15                               ; b>a
>1961	02 b1 f0 7c c7 94 00			.byte 2,177,240,124,199,148,0          ; f>b  817103.04332
>1968	06					.byte 6                                ; /
>1969	02 ea 5e 94 88 80 01			.byte 2,234,94,148,136,128,1           ; f>b  -0.5335139581193257
>1970	04					.byte 4                                ; -
>1971	0b					.byte 11                               ; =0
>1972	02 eb b9 92 f0 94 00			.byte 2,235,185,146,240,148,0          ; f>b  985387.620039
>1979	0f					.byte 15                               ; b>a
>197a	0a					.byte 10                               ; ftoi
>197b	01 2b 09 0f 00 00 00			.byte 1,43,9,15,0,0,0                  ; i>b  985387
>1982	0c					.byte 12                               ; int==
>1983	01 86 b5 f7 ff 00 00			.byte 1,134,181,247,255,0,0            ; i>b  -543354
>198a	0f					.byte 15                               ; b>a
>198b	09					.byte 9                                ; itof
>198c	02 00 a0 a7 84 94 01			.byte 2,0,160,167,132,148,1            ; f>b  -543354
>1993	04					.byte 4                                ; -
>1994	0b					.byte 11                               ; =0
>1995	02 00 00 00 00 00 00			.byte 2,0,0,0,0,0,0                    ; f>b  0
>199c	0f					.byte 15                               ; b>a
>199d	02 2e e8 fa d3 94 01			.byte 2,46,232,250,211,148,1           ; f>b  -868270.511233
>19a4	03					.byte 3                                ; +
>19a5	02 2e e8 fa d3 94 01			.byte 2,46,232,250,211,148,1           ; f>b  -868270.511233
>19ac	04					.byte 4                                ; -
>19ad	0b					.byte 11                               ; =0
>19ae	02 80 6d 0c 8e 94 01			.byte 2,128,109,12,142,148,1           ; f>b  -581830.843906
>19b5	0f					.byte 15                               ; b>a
>19b6	02 e3 84 92 b6 94 00			.byte 2,227,132,146,182,148,0          ; f>b  747816.305483
>19bd	04					.byte 4                                ; -
>19be	02 31 79 4f a2 95 01			.byte 2,49,121,79,162,149,1            ; f>b  -1329647.1493890001
>19c5	04					.byte 4                                ; -
>19c6	0b					.byte 11                               ; =0
>19c7	02 1f 35 85 9d 93 01			.byte 2,31,53,133,157,147,1            ; f>b  -322601.660137
>19ce	0f					.byte 15                               ; b>a
>19cf	02 00 00 00 80 83 01			.byte 2,0,0,0,128,131,1                ; f>b  -4
>19d6	05					.byte 5                                ; *
>19d7	02 1f 35 85 9d 95 00			.byte 2,31,53,133,157,149,0            ; f>b  1290406.640548
>19de	04					.byte 4                                ; -
>19df	0b					.byte 11                               ; =0
>19e0	02 54 3c e5 e8 94 01			.byte 2,84,60,229,232,148,1            ; f>b  -953939.770716
>19e7	0f					.byte 15                               ; b>a
>19e8	02 8e 27 2a af 92 01			.byte 2,142,39,42,175,146,1            ; f>b  -179368.618081
>19ef	06					.byte 6                                ; /
>19f0	02 25 ae 2f aa 83 00			.byte 2,37,174,47,170,131,0            ; f>b  5.318320344561143
>19f7	04					.byte 4                                ; -
>19f8	0b					.byte 11                               ; =0
>19f9	02 56 d4 9c 96 8f 00			.byte 2,86,212,156,150,143,0           ; f>b  19278.414725
>1a00	0f					.byte 15                               ; b>a
>1a01	0a					.byte 10                               ; ftoi
>1a02	01 4e 4b 00 00 00 00			.byte 1,78,75,0,0,0,0                  ; i>b  19278
>1a09	0c					.byte 12                               ; int==
>1a0a	01 9f ff fb ff 00 00			.byte 1,159,255,251,255,0,0            ; i>b  -262241
>1a11	0f					.byte 15                               ; b>a
>1a12	09					.byte 9                                ; itof
>1a13	02 00 20 0c 80 93 01			.byte 2,0,32,12,128,147,1              ; f>b  -262241
>1a1a	04					.byte 4                                ; -
>1a1b	0b					.byte 11                               ; =0
>1a1c	02 5d 9e 73 95 91 01			.byte 2,93,158,115,149,145,1           ; f>b  -76519.237216
>1a23	0f					.byte 15                               ; b>a
>1a24	02 f4 80 77 b2 92 00			.byte 2,244,128,119,178,146,0          ; f>b  182750.014896
>1a2b	03					.byte 3                                ; +
>1a2c	02 8b 63 7b cf 91 00			.byte 2,139,99,123,207,145,0           ; f>b  106230.77768000001
>1a33	04					.byte 4                                ; -
>1a34	0b					.byte 11                               ; =0
>1a35	02 1a bc d3 c3 94 00			.byte 2,26,188,211,195,148,0           ; f>b  802107.756371
>1a3c	0f					.byte 15                               ; b>a
>1a3d	02 23 a3 97 c8 93 00			.byte 2,35,163,151,200,147,0           ; f>b  410813.098126
>1a44	04					.byte 4                                ; -
>1a45	02 10 d5 0f bf 93 00			.byte 2,16,213,15,191,147,0            ; f>b  391294.65824499994
>1a4c	04					.byte 4                                ; -
>1a4d	0b					.byte 11                               ; =0
>1a4e	02 00 00 00 00 00 00			.byte 2,0,0,0,0,0,0                    ; f>b  0
>1a55	0f					.byte 15                               ; b>a
>1a56	02 00 40 7d b4 93 01			.byte 2,0,64,125,180,147,1             ; f>b  -369642
>1a5d	05					.byte 5                                ; *
>1a5e	02 00 00 00 00 00 00			.byte 2,0,0,0,0,0,0                    ; f>b  0
>1a65	04					.byte 4                                ; -
>1a66	0b					.byte 11                               ; =0
>1a67	02 00 00 00 00 00 00			.byte 2,0,0,0,0,0,0                    ; f>b  0
>1a6e	0f					.byte 15                               ; b>a
>1a6f	0a					.byte 10                               ; ftoi
>1a70	01 00 00 00 00 00 00			.byte 1,0,0,0,0,0,0                    ; i>b  0
>1a77	0c					.byte 12                               ; int==
>1a78	01 0c 00 00 00 00 00			.byte 1,12,0,0,0,0,0                   ; i>b  12
>1a7f	0f					.byte 15                               ; b>a
>1a80	09					.byte 9                                ; itof
>1a81	02 00 00 00 c0 84 00			.byte 2,0,0,0,192,132,0                ; f>b  12
>1a88	04					.byte 4                                ; -
>1a89	0b					.byte 11                               ; =0
>1a8a	02 eb 92 b9 82 94 01			.byte 2,235,146,185,130,148,1          ; f>b  -535449.182375
>1a91	0f					.byte 15                               ; b>a
>1a92	02 4b bb f6 fe 93 00			.byte 2,75,187,246,254,147,0           ; f>b  522165.852995
>1a99	03					.byte 3                                ; +
>1a9a	02 48 51 8d cf 8e 01			.byte 2,72,81,141,207,142,1            ; f>b  -13283.329379999952
>1aa1	04					.byte 4                                ; -
>1aa2	0b					.byte 11                               ; =0
>1aa3	02 b0 2b 1e ca 91 00			.byte 2,176,43,30,202,145,0            ; f>b  103484.341332
>1aaa	0f					.byte 15                               ; b>a
>1aab	02 00 90 39 e8 94 01			.byte 2,0,144,57,232,148,1             ; f>b  -951193
>1ab2	04					.byte 4                                ; -
>1ab3	02 bb aa be 80 95 00			.byte 2,187,170,190,128,149,0          ; f>b  1054677.341332
>1aba	04					.byte 4                                ; -
>1abb	0b					.byte 11                               ; =0
>1abc	02 00 00 00 00 00 00			.byte 2,0,0,0,0,0,0                    ; f>b  0
>1ac3	0f					.byte 15                               ; b>a
>1ac4	02 f3 e9 43 d6 94 01			.byte 2,243,233,67,214,148,1           ; f>b  -877630.621959
>1acb	05					.byte 5                                ; *
>1acc	02 00 00 00 00 00 00			.byte 2,0,0,0,0,0,0                    ; f>b  -0.0
>1ad3	04					.byte 4                                ; -
>1ad4	0b					.byte 11                               ; =0
>1ad5	02 3f 33 33 f0 93 00			.byte 2,63,51,51,240,147,0             ; f>b  491929.601508
>1adc	0f					.byte 15                               ; b>a
>1add	02 2f 3d 17 85 93 00			.byte 2,47,61,23,133,147,0             ; f>b  272569.912085
>1ae4	06					.byte 6                                ; /
>1ae5	02 e4 22 03 e7 81 00			.byte 2,228,34,3,231,129,0             ; f>b  1.804783212295983
>1aec	04					.byte 4                                ; -
>1aed	0b					.byte 11                               ; =0
>1aee	02 00 00 00 88 85 01			.byte 2,0,0,0,136,133,1                ; f>b  -17
>1af5	0f					.byte 15                               ; b>a
>1af6	0a					.byte 10                               ; ftoi
>1af7	01 ef ff ff ff 00 00			.byte 1,239,255,255,255,0,0            ; i>b  -17
>1afe	0c					.byte 12                               ; int==
>1aff	01 a5 bf ff ff 00 00			.byte 1,165,191,255,255,0,0            ; i>b  -16475
>1b06	0f					.byte 15                               ; b>a
>1b07	09					.byte 9                                ; itof
>1b08	02 00 00 b6 80 8f 01			.byte 2,0,0,182,128,143,1              ; f>b  -16475
>1b0f	04					.byte 4                                ; -
>1b10	0b					.byte 11                               ; =0
>1b11	02 a4 ec 7b 81 94 00			.byte 2,164,236,123,129,148,0          ; f>b  530366.790167
>1b18	0f					.byte 15                               ; b>a
>1b19	02 00 00 00 00 00 00			.byte 2,0,0,0,0,0,0                    ; f>b  0
>1b20	03					.byte 3                                ; +
>1b21	02 a4 ec 7b 81 94 00			.byte 2,164,236,123,129,148,0          ; f>b  530366.790167
>1b28	04					.byte 4                                ; -
>1b29	0b					.byte 11                               ; =0
>1b2a	02 0a f5 53 8d 93 00			.byte 2,10,245,83,141,147,0            ; f>b  289439.657508
>1b31	0f					.byte 15                               ; b>a
>1b32	02 84 68 16 c5 94 00			.byte 2,132,104,22,197,148,0           ; f>b  807270.532291
>1b39	04					.byte 4                                ; -
>1b3a	02 fe db d8 fc 93 01			.byte 2,254,219,216,252,147,1          ; f>b  -517830.87478300004
>1b41	04					.byte 4                                ; -
>1b42	0b					.byte 11                               ; =0
>1b43	02 00 40 ee e7 92 01			.byte 2,0,64,238,231,146,1             ; f>b  -237497
>1b4a	0f					.byte 15                               ; b>a
>1b4b	02 6b 21 49 ca 90 01			.byte 2,107,33,73,202,144,1            ; f>b  -51785.130539
>1b52	05					.byte 5                                ; *
>1b53	02 db fe 10 dd a0 00			.byte 2,219,254,16,221,160,0           ; f>b  12298813147.620882
>1b5a	04					.byte 4                                ; -
>1b5b	0b					.byte 11                               ; =0
>1b5c	02 00 00 00 00 00 00			.byte 2,0,0,0,0,0,0                    ; f>b  0
>1b63	0f					.byte 15                               ; b>a
>1b64	02 00 00 00 90 84 01			.byte 2,0,0,0,144,132,1                ; f>b  -9
>1b6b	06					.byte 6                                ; /
>1b6c	02 00 00 00 00 00 00			.byte 2,0,0,0,0,0,0                    ; f>b  -0.0
>1b73	04					.byte 4                                ; -
>1b74	0b					.byte 11                               ; =0
>1b75	02 00 00 00 00 00 00			.byte 2,0,0,0,0,0,0                    ; f>b  0
>1b7c	0f					.byte 15                               ; b>a
>1b7d	0a					.byte 10                               ; ftoi
>1b7e	01 00 00 00 00 00 00			.byte 1,0,0,0,0,0,0                    ; i>b  0
>1b85	0c					.byte 12                               ; int==
>1b86	01 fb ff ff ff 00 00			.byte 1,251,255,255,255,0,0            ; i>b  -5
>1b8d	0f					.byte 15                               ; b>a
>1b8e	09					.byte 9                                ; itof
>1b8f	02 00 00 00 a0 83 01			.byte 2,0,0,0,160,131,1                ; f>b  -5
>1b96	04					.byte 4                                ; -
>1b97	0b					.byte 11                               ; =0
>1b98	02 00 00 00 80 85 00			.byte 2,0,0,0,128,133,0                ; f>b  16
>1b9f	0f					.byte 15                               ; b>a
>1ba0	02 01 1d bf b1 90 00			.byte 2,1,29,191,177,144,0             ; f>b  45503.113302
>1ba7	03					.byte 3                                ; +
>1ba8	02 01 1d cf b1 90 00			.byte 2,1,29,207,177,144,0             ; f>b  45519.113302
>1baf	04					.byte 4                                ; -
>1bb0	0b					.byte 11                               ; =0
>1bb1	02 81 a4 0d 8c 94 00			.byte 2,129,164,13,140,148,0           ; f>b  573658.281523
>1bb8	0f					.byte 15                               ; b>a
>1bb9	02 ed 2c 46 a9 93 00			.byte 2,237,44,70,169,147,0            ; f>b  346673.404045
>1bc0	04					.byte 4                                ; -
>1bc1	02 28 38 aa dd 92 00			.byte 2,40,56,170,221,146,0            ; f>b  226984.877478
>1bc8	04					.byte 4                                ; -
>1bc9	0b					.byte 11                               ; =0
>1bca	02 dc 27 b8 ad 94 00			.byte 2,220,39,184,173,148,0           ; f>b  711554.491388
>1bd1	0f					.byte 15                               ; b>a
>1bd2	02 00 00 00 a0 85 01			.byte 2,0,0,0,160,133,1                ; f>b  -20
>1bd9	05					.byte 5                                ; *
>1bda	02 d3 31 26 d9 98 01			.byte 2,211,49,38,217,152,1            ; f>b  -14231089.82776
>1be1	04					.byte 4                                ; -
>1be2	0b					.byte 11                               ; =0
>1be3	02 ea b9 0a 98 94 01			.byte 2,234,185,10,152,148,1           ; f>b  -622763.619778
>1bea	0f					.byte 15                               ; b>a
>1beb	02 25 f2 91 8d 93 00			.byte 2,37,242,145,141,147,0           ; f>b  289935.567052
>1bf2	06					.byte 6                                ; /
>1bf3	02 e9 d0 77 89 82 01			.byte 2,233,208,119,137,130,1          ; f>b  -2.147937992258491
>1bfa	04					.byte 4                                ; -
>1bfb	0b					.byte 11                               ; =0
>1bfc	02 00 00 00 00 00 00			.byte 2,0,0,0,0,0,0                    ; f>b  0
>1c03	0f					.byte 15                               ; b>a
>1c04	0a					.byte 10                               ; ftoi
>1c05	01 00 00 00 00 00 00			.byte 1,0,0,0,0,0,0                    ; i>b  0
>1c0c	0c					.byte 12                               ; int==
>1c0d	01 de a3 02 00 00 00			.byte 1,222,163,2,0,0,0                ; i>b  173022
>1c14	0f					.byte 15                               ; b>a
>1c15	09					.byte 9                                ; itof
>1c16	02 00 80 f7 a8 92 00			.byte 2,0,128,247,168,146,0            ; f>b  173022
>1c1d	04					.byte 4                                ; -
>1c1e	0b					.byte 11                               ; =0
>1c1f	02 ce de b6 a9 8e 00			.byte 2,206,222,182,169,142,0          ; f>b  10861.717583
>1c26	0f					.byte 15                               ; b>a
>1c27	02 00 00 00 c0 84 01			.byte 2,0,0,0,192,132,1                ; f>b  -12
>1c2e	03					.byte 3                                ; +
>1c2f	02 ce de 86 a9 8e 00			.byte 2,206,222,134,169,142,0          ; f>b  10849.717583
>1c36	04					.byte 4                                ; -
>1c37	0b					.byte 11                               ; =0
>1c38	02 00 00 00 e0 84 01			.byte 2,0,0,0,224,132,1                ; f>b  -14
>1c3f	0f					.byte 15                               ; b>a
>1c40	02 63 8c 07 91 93 01			.byte 2,99,140,7,145,147,1             ; f>b  -297020.387114
>1c47	04					.byte 4                                ; -
>1c48	02 63 cc 05 91 93 00			.byte 2,99,204,5,145,147,0             ; f>b  297006.387114
>1c4f	04					.byte 4                                ; -
>1c50	0b					.byte 11                               ; =0
>1c51	02 87 db b6 b7 94 00			.byte 2,135,219,182,183,148,0          ; f>b  752493.720587
>1c58	0f					.byte 15                               ; b>a
>1c59	02 00 00 00 f0 84 01			.byte 2,0,0,0,240,132,1                ; f>b  -15
>1c60	05					.byte 5                                ; *
>1c61	02 cf 6d 3b ac 98 01			.byte 2,207,109,59,172,152,1           ; f>b  -11287405.808805
>1c68	04					.byte 4                                ; -
>1c69	0b					.byte 11                               ; =0
>1c6a	02 00 20 8a 94 93 01			.byte 2,0,32,138,148,147,1             ; f>b  -304209
>1c71	0f					.byte 15                               ; b>a
>1c72	02 e6 af 10 ad 92 00			.byte 2,230,175,16,173,146,0           ; f>b  177218.748445
>1c79	06					.byte 6                                ; /
>1c7a	02 d9 ad b8 db 81 01			.byte 2,217,173,184,219,129,1          ; f>b  -1.7165734588990822
>1c81	04					.byte 4                                ; -
>1c82	0b					.byte 11                               ; =0
>1c83	02 00 00 00 d0 84 01			.byte 2,0,0,0,208,132,1                ; f>b  -13
>1c8a	0f					.byte 15                               ; b>a
>1c8b	0a					.byte 10                               ; ftoi
>1c8c	01 f3 ff ff ff 00 00			.byte 1,243,255,255,255,0,0            ; i>b  -13
>1c93	0c					.byte 12                               ; int==
>1c94	01 00 00 00 00 00 00			.byte 1,0,0,0,0,0,0                    ; i>b  0
>1c9b	0f					.byte 15                               ; b>a
>1c9c	09					.byte 9                                ; itof
>1c9d	02 00 00 00 00 00 00			.byte 2,0,0,0,0,0,0                    ; f>b  0
>1ca4	04					.byte 4                                ; -
>1ca5	0b					.byte 11                               ; =0
>1ca6	02 86 ff 25 a0 90 01			.byte 2,134,255,37,160,144,1           ; f>b  -40997.998139
>1cad	0f					.byte 15                               ; b>a
>1cae	02 49 63 aa a3 93 01			.byte 2,73,99,170,163,147,1            ; f>b  -335187.102686
>1cb5	03					.byte 3                                ; +
>1cb6	02 39 23 af b7 93 01			.byte 2,57,35,175,183,147,1            ; f>b  -376185.100825
>1cbd	04					.byte 4                                ; -
>1cbe	0b					.byte 11                               ; =0
>1cbf	02 99 0c 8d 85 93 00			.byte 2,153,12,141,133,147,0           ; f>b  273512.393782
>1cc6	0f					.byte 15                               ; b>a
>1cc7	02 e5 36 b2 a6 94 01			.byte 2,229,54,178,166,148,1           ; f>b  -682787.430916
>1cce	04					.byte 4                                ; -
>1ccf	02 31 bd 78 e9 94 00			.byte 2,49,189,120,233,148,0           ; f>b  956299.824698
>1cd6	04					.byte 4                                ; -
>1cd7	0b					.byte 11                               ; =0
>1cd8	02 00 a0 0c de 93 01			.byte 2,0,160,12,222,147,1             ; f>b  -454757
>1cdf	0f					.byte 15                               ; b>a
>1ce0	02 71 c9 63 d7 94 00			.byte 2,113,201,99,215,148,0           ; f>b  882236.59025
>1ce7	05					.byte 5                                ; *
>1ce8	02 60 fc 27 d3 9f 01			.byte 2,96,252,39,211,159,1            ; f>b  -401203265072.3193
>1cef	04					.byte 4                                ; -
>1cf0	0b					.byte 11                               ; =0
>1cf1	02 00 80 a6 cb 93 00			.byte 2,0,128,166,203,147,0            ; f>b  417076
>1cf8	0f					.byte 15                               ; b>a
>1cf9	02 74 a2 9c bb 93 01			.byte 2,116,162,156,187,147,1          ; f>b  -384229.076692
>1d00	06					.byte 6                                ; /
>1d01	02 2f 44 f1 8a 81 01			.byte 2,47,68,241,138,129,1            ; f>b  -1.0854878646634292
>1d08	04					.byte 4                                ; -
>1d09	0b					.byte 11                               ; =0
>1d0a	02 00 00 00 80 84 01			.byte 2,0,0,0,128,132,1                ; f>b  -8
>1d11	0f					.byte 15                               ; b>a
>1d12	0a					.byte 10                               ; ftoi
>1d13	01 f8 ff ff ff 00 00			.byte 1,248,255,255,255,0,0            ; i>b  -8
>1d1a	0c					.byte 12                               ; int==
>1d1b	01 70 80 0e 00 00 00			.byte 1,112,128,14,0,0,0               ; i>b  950384
>1d22	0f					.byte 15                               ; b>a
>1d23	09					.byte 9                                ; itof
>1d24	02 00 00 07 e8 94 00			.byte 2,0,0,7,232,148,0                ; f>b  950384
>1d2b	04					.byte 4                                ; -
>1d2c	0b					.byte 11                               ; =0
>1d2d	02 6f 51 fa d6 93 00			.byte 2,111,81,250,214,147,0           ; f>b  440274.544907
>1d34	0f					.byte 15                               ; b>a
>1d35	02 00 00 00 00 00 00			.byte 2,0,0,0,0,0,0                    ; f>b  0
>1d3c	03					.byte 3                                ; +
>1d3d	02 6f 51 fa d6 93 00			.byte 2,111,81,250,214,147,0           ; f>b  440274.544907
>1d44	04					.byte 4                                ; -
>1d45	0b					.byte 11                               ; =0
>1d46	02 00 00 00 00 00 00			.byte 2,0,0,0,0,0,0                    ; f>b  0
>1d4d	0f					.byte 15                               ; b>a
>1d4e	02 00 60 92 8e 93 01			.byte 2,0,96,146,142,147,1             ; f>b  -291987
>1d55	04					.byte 4                                ; -
>1d56	02 00 60 92 8e 93 00			.byte 2,0,96,146,142,147,0             ; f>b  291987
>1d5d	04					.byte 4                                ; -
>1d5e	0b					.byte 11                               ; =0
>1d5f	02 1c ca 65 c3 94 00			.byte 2,28,202,101,195,148,0           ; f>b  800348.631876
>1d66	0f					.byte 15                               ; b>a
>1d67	02 ad 6f c3 cd 93 00			.byte 2,173,111,195,205,147,0          ; f>b  421403.489881
>1d6e	05					.byte 5                                ; *
>1d6f	02 62 4f d7 86 a0 00			.byte 2,98,79,215,134,160,0            ; f>b  337269706594.03015
>1d76	04					.byte 4                                ; -
>1d77	0b					.byte 11                               ; =0
>1d78	02 00 00 00 00 00 00			.byte 2,0,0,0,0,0,0                    ; f>b  0
>1d7f	0f					.byte 15                               ; b>a
>1d80	02 a1 5e 76 8b 94 01			.byte 2,161,94,118,139,148,1           ; f>b  -571237.914339
>1d87	06					.byte 6                                ; /
>1d88	02 00 00 00 00 00 00			.byte 2,0,0,0,0,0,0                    ; f>b  -0.0
>1d8f	04					.byte 4                                ; -
>1d90	0b					.byte 11                               ; =0
>1d91	02 f9 df 11 a7 94 01			.byte 2,249,223,17,167,148,1           ; f>b  -684317.998415
>1d98	0f					.byte 15                               ; b>a
>1d99	0a					.byte 10                               ; ftoi
>1d9a	01 e3 8e f5 ff 00 00			.byte 1,227,142,245,255,0,0            ; i>b  -684317
>1da1	0c					.byte 12                               ; int==
>1da2	01 e8 35 05 00 00 00			.byte 1,232,53,5,0,0,0                 ; i>b  341480
>1da9	0f					.byte 15                               ; b>a
>1daa	09					.byte 9                                ; itof
>1dab	02 00 00 bd a6 93 00			.byte 2,0,0,189,166,147,0              ; f>b  341480
>1db2	04					.byte 4                                ; -
>1db3	0b					.byte 11                               ; =0
>1db4	02 7d c3 28 94 94 01			.byte 2,125,195,40,148,148,1           ; f>b  -606860.218144
>1dbb	0f					.byte 15                               ; b>a
>1dbc	02 15 55 65 cd 93 00			.byte 2,21,85,101,205,147,0            ; f>b  420650.658919
>1dc3	03					.byte 3                                ; +
>1dc4	02 ca 63 d8 b5 92 01			.byte 2,202,99,216,181,146,1           ; f>b  -186209.55922500003
>1dcb	04					.byte 4                                ; -
>1dcc	0b					.byte 11                               ; =0
>1dcd	02 5a 28 cd df 8c 00			.byte 2,90,40,205,223,140,0            ; f>b  3580.822352
>1dd4	0f					.byte 15                               ; b>a
>1dd5	02 7e 5f 03 9c 94 00			.byte 2,126,95,3,156,148,0             ; f>b  639029.968283
>1ddc	04					.byte 4                                ; -
>1ddd	02 55 92 23 9b 94 01			.byte 2,85,146,35,155,148,1            ; f>b  -635449.145931
>1de4	04					.byte 4                                ; -
>1de5	0b					.byte 11                               ; =0
>1de6	02 f9 81 53 e5 92 00			.byte 2,249,129,83,229,146,0           ; f>b  234830.030878
>1ded	0f					.byte 15                               ; b>a
>1dee	02 1f 07 b0 b5 91 00			.byte 2,31,7,176,181,145,0             ; f>b  93024.05564
>1df5	05					.byte 5                                ; *
>1df6	02 12 ac 6e b0 9d 00			.byte 2,18,172,110,176,157,0           ; f>b  21844841858.33799
>1dfd	04					.byte 4                                ; -
>1dfe	0b					.byte 11                               ; =0
>1dff	02 00 00 00 00 00 00			.byte 2,0,0,0,0,0,0                    ; f>b  0
>1e06	0f					.byte 15                               ; b>a
>1e07	02 25 98 60 f0 92 01			.byte 2,37,152,96,240,146,1            ; f>b  -246146.377317
>1e0e	06					.byte 6                                ; /
>1e0f	02 00 00 00 00 00 00			.byte 2,0,0,0,0,0,0                    ; f>b  -0.0
>1e16	04					.byte 4                                ; -
>1e17	0b					.byte 11                               ; =0
>1e18	02 00 00 00 00 00 00			.byte 2,0,0,0,0,0,0                    ; f>b  0
>1e1f	0f					.byte 15                               ; b>a
>1e20	0a					.byte 10                               ; ftoi
>1e21	01 00 00 00 00 00 00			.byte 1,0,0,0,0,0,0                    ; i>b  0
>1e28	0c					.byte 12                               ; int==
>1e29	01 00 00 00 00 00 00			.byte 1,0,0,0,0,0,0                    ; i>b  0
>1e30	0f					.byte 15                               ; b>a
>1e31	09					.byte 9                                ; itof
>1e32	02 00 00 00 00 00 00			.byte 2,0,0,0,0,0,0                    ; f>b  0
>1e39	04					.byte 4                                ; -
>1e3a	0b					.byte 11                               ; =0
>1e3b	02 e1 94 2e e4 94 00			.byte 2,225,148,46,228,148,0           ; f>b  934633.304951
>1e42	0f					.byte 15                               ; b>a
>1e43	02 a7 78 ef cf 92 00			.byte 2,167,120,239,207,146,0          ; f>b  212925.885194
>1e4a	03					.byte 3                                ; +
>1e4b	02 85 39 15 8c 95 00			.byte 2,133,57,21,140,149,0            ; f>b  1147559.1901450001
>1e52	04					.byte 4                                ; -
>1e53	0b					.byte 11                               ; =0
>1e54	02 00 50 44 af 94 01			.byte 2,0,80,68,175,148,1              ; f>b  -717893
>1e5b	0f					.byte 15                               ; b>a
>1e5c	02 92 7b 24 d7 94 00			.byte 2,146,123,36,215,148,0           ; f>b  881223.723215
>1e63	04					.byte 4                                ; -
>1e64	02 c9 65 34 c3 95 01			.byte 2,201,101,52,195,149,1           ; f>b  -1599116.723215
>1e6b	04					.byte 4                                ; -
>1e6c	0b					.byte 11                               ; =0
>1e6d	02 00 00 00 00 00 00			.byte 2,0,0,0,0,0,0                    ; f>b  0
>1e74	0f					.byte 15                               ; b>a
>1e75	02 82 c6 80 e4 94 00			.byte 2,130,198,128,228,148,0          ; f>b  935948.406917
>1e7c	05					.byte 5                                ; *
>1e7d	02 00 00 00 00 00 00			.byte 2,0,0,0,0,0,0                    ; f>b  0.0
>1e84	04					.byte 4                                ; -
>1e85	0b					.byte 11                               ; =0
>1e86	02 f3 fc 41 8e 94 00			.byte 2,243,252,65,142,148,0           ; f>b  582687.809473
>1e8d	0f					.byte 15                               ; b>a
>1e8e	02 8a e6 ca c1 94 00			.byte 2,138,230,202,193,148,0          ; f>b  793774.408754
>1e95	06					.byte 6                                ; /
>1e96	02 9c 29 ec bb 80 00			.byte 2,156,41,236,187,128,0           ; f>b  0.7340723044821439
>1e9d	04					.byte 4                                ; -
>1e9e	0b					.byte 11                               ; =0
>1e9f	02 f6 0a 89 ab 92 00			.byte 2,246,10,137,171,146,0           ; f>b  175652.171321
>1ea6	0f					.byte 15                               ; b>a
>1ea7	0a					.byte 10                               ; ftoi
>1ea8	01 24 ae 02 00 00 00			.byte 1,36,174,2,0,0,0                 ; i>b  175652
>1eaf	0c					.byte 12                               ; int==
>1eb0	01 c6 bc 0a 00 00 00			.byte 1,198,188,10,0,0,0               ; i>b  703686
>1eb7	0f					.byte 15                               ; b>a
>1eb8	09					.byte 9                                ; itof
>1eb9	02 00 60 cc ab 94 00			.byte 2,0,96,204,171,148,0             ; f>b  703686
>1ec0	04					.byte 4                                ; -
>1ec1	0b					.byte 11                               ; =0
>1ec2	02 2c f7 74 eb 93 00			.byte 2,44,247,116,235,147,0           ; f>b  482215.724207
>1ec9	0f					.byte 15                               ; b>a
>1eca	02 c4 d9 92 aa 93 01			.byte 2,196,217,146,170,147,1          ; f>b  -349334.805176
>1ed1	03					.byte 3                                ; +
>1ed2	02 d1 3a c4 81 92 00			.byte 2,209,58,196,129,146,0           ; f>b  132880.919031
>1ed9	04					.byte 4                                ; -
>1eda	0b					.byte 11                               ; =0
>1edb	02 c6 81 01 ce 93 01			.byte 2,198,129,1,206,147,1            ; f>b  -421900.055512
>1ee2	0f					.byte 15                               ; b>a
>1ee3	02 00 00 00 00 00 00			.byte 2,0,0,0,0,0,0                    ; f>b  0
>1eea	04					.byte 4                                ; -
>1eeb	02 c6 81 01 ce 93 01			.byte 2,198,129,1,206,147,1            ; f>b  -421900.055512
>1ef2	04					.byte 4                                ; -
>1ef3	0b					.byte 11                               ; =0
>1ef4	02 c9 e9 0c 91 94 00			.byte 2,201,233,12,145,148,0           ; f>b  594126.611586
>1efb	0f					.byte 15                               ; b>a
>1efc	02 00 00 00 00 00 00			.byte 2,0,0,0,0,0,0                    ; f>b  0
>1f03	05					.byte 5                                ; *
>1f04	02 00 00 00 00 00 00			.byte 2,0,0,0,0,0,0                    ; f>b  0.0
>1f0b	04					.byte 4                                ; -
>1f0c	0b					.byte 11                               ; =0
>1f0d	02 00 20 a1 f2 94 00			.byte 2,0,32,161,242,148,0             ; f>b  993810
>1f14	0f					.byte 15                               ; b>a
>1f15	02 00 00 00 80 82 00			.byte 2,0,0,0,128,130,0                ; f>b  2
>1f1c	06					.byte 6                                ; /
>1f1d	02 00 20 a1 f2 93 00			.byte 2,0,32,161,242,147,0             ; f>b  496905.0
>1f24	04					.byte 4                                ; -
>1f25	0b					.byte 11                               ; =0
>1f26	02 31 61 f8 ef 94 01			.byte 2,49,97,248,239,148,1            ; f>b  -982918.074517
>1f2d	0f					.byte 15                               ; b>a
>1f2e	0a					.byte 10                               ; ftoi
>1f2f	01 7a 00 f1 ff 00 00			.byte 1,122,0,241,255,0,0              ; i>b  -982918
>1f36	0c					.byte 12                               ; int==
>1f37	01 27 b5 f8 ff 00 00			.byte 1,39,181,248,255,0,0             ; i>b  -477913
>1f3e	0f					.byte 15                               ; b>a
>1f3f	09					.byte 9                                ; itof
>1f40	02 00 20 5b e9 93 01			.byte 2,0,32,91,233,147,1              ; f>b  -477913
>1f47	04					.byte 4                                ; -
>1f48	0b					.byte 11                               ; =0
>1f49	02 1e e2 1a b6 94 01			.byte 2,30,226,26,182,148,1            ; f>b  -745902.132535
>1f50	0f					.byte 15                               ; b>a
>1f51	02 80 7f c0 a7 94 01			.byte 2,128,127,192,167,148,1          ; f>b  -687111.968895
>1f58	03					.byte 3                                ; +
>1f59	02 cf b0 ed ae 95 01			.byte 2,207,176,237,174,149,1          ; f>b  -1433014.10143
>1f60	04					.byte 4                                ; -
>1f61	0b					.byte 11                               ; =0
>1f62	02 00 10 cd b1 94 01			.byte 2,0,16,205,177,148,1             ; f>b  -728273
>1f69	0f					.byte 15                               ; b>a
>1f6a	02 8e a9 e0 e7 94 01			.byte 2,142,169,224,231,148,1          ; f>b  -949770.597256
>1f71	04					.byte 4                                ; -
>1f72	02 39 66 4e d8 92 00			.byte 2,57,102,78,216,146,0            ; f>b  221497.59725600004
>1f79	04					.byte 4                                ; -
>1f7a	0b					.byte 11                               ; =0
>1f7b	02 00 00 00 00 00 00			.byte 2,0,0,0,0,0,0                    ; f>b  0
>1f82	0f					.byte 15                               ; b>a
>1f83	02 fd 8c dd e3 92 00			.byte 2,253,140,221,227,146,0          ; f>b  233334.202984
>1f8a	05					.byte 5                                ; *
>1f8b	02 00 00 00 00 00 00			.byte 2,0,0,0,0,0,0                    ; f>b  0.0
>1f92	04					.byte 4                                ; -
>1f93	0b					.byte 11                               ; =0
>1f94	02 00 00 00 e0 84 00			.byte 2,0,0,0,224,132,0                ; f>b  14
>1f9b	0f					.byte 15                               ; b>a
>1f9c	0a					.byte 10                               ; ftoi
>1f9d	01 0e 00 00 00 00 00			.byte 1,14,0,0,0,0,0                   ; i>b  14
>1fa4	0c					.byte 12                               ; int==
>1fa5	01 00 00 00 00 00 00			.byte 1,0,0,0,0,0,0                    ; i>b  0
>1fac	0f					.byte 15                               ; b>a
>1fad	09					.byte 9                                ; itof
>1fae	02 00 00 00 00 00 00			.byte 2,0,0,0,0,0,0                    ; f>b  0
>1fb5	04					.byte 4                                ; -
>1fb6	0b					.byte 11                               ; =0
>1fb7	02 00 00 0f 94 91 01			.byte 2,0,0,15,148,145,1               ; f>b  -75806
>1fbe	0f					.byte 15                               ; b>a
>1fbf	02 0a 98 ee c3 8f 01			.byte 2,10,152,238,195,143,1           ; f>b  -25079.296952
>1fc6	03					.byte 3                                ; +
>1fc7	02 02 a6 0a c5 91 01			.byte 2,2,166,10,197,145,1             ; f>b  -100885.296952
>1fce	04					.byte 4                                ; -
>1fcf	0b					.byte 11                               ; =0
>1fd0	02 7f ad e2 f8 91 00			.byte 2,127,173,226,248,145,0          ; f>b  127429.355441
>1fd7	0f					.byte 15                               ; b>a
>1fd8	02 4c 97 bd c6 93 01			.byte 2,76,151,189,198,147,1           ; f>b  -407020.728093
>1fdf	04					.byte 4                                ; -
>1fe0	02 56 21 7b 82 94 00			.byte 2,86,33,123,130,148,0            ; f>b  534450.083534
>1fe7	04					.byte 4                                ; -
>1fe8	0b					.byte 11                               ; =0
>1fe9	02 00 70 4d 9b 94 00			.byte 2,0,112,77,155,148,0             ; f>b  636119
>1ff0	0f					.byte 15                               ; b>a
>1ff1	02 18 74 99 d4 93 01			.byte 2,24,116,153,212,147,1           ; f>b  -435403.628009
>1ff8	05					.byte 5                                ; *
>1ff9	02 fa 75 38 f9 9f 01			.byte 2,250,117,56,249,159,1           ; f>b  -276968520445.45703
>2000	04					.byte 4                                ; -
>2001	0b					.byte 11                               ; =0
>2002	02 b9 a0 a4 a8 94 01			.byte 2,185,160,164,168,148,1          ; f>b  -690762.045351
>2009	0f					.byte 15                               ; b>a
>200a	02 22 74 64 b8 94 01			.byte 2,34,116,100,184,148,1           ; f>b  -755271.258456
>2011	06					.byte 6                                ; /
>2012	02 c6 70 22 ea 80 00			.byte 2,198,112,34,234,128,0           ; f>b  0.9145880206842822
>2019	04					.byte 4                                ; -
>201a	0b					.byte 11                               ; =0
>201b	02 7b 95 a8 b1 94 01			.byte 2,123,149,168,177,148,1          ; f>b  -727689.342568
>2022	0f					.byte 15                               ; b>a
>2023	0a					.byte 10                               ; ftoi
>2024	01 77 e5 f4 ff 00 00			.byte 1,119,229,244,255,0,0            ; i>b  -727689
>202b	0c					.byte 12                               ; int==
>202c	01 0e 38 00 00 00 00			.byte 1,14,56,0,0,0,0                  ; i>b  14350
>2033	0f					.byte 15                               ; b>a
>2034	09					.byte 9                                ; itof
>2035	02 00 00 38 e0 8e 00			.byte 2,0,0,56,224,142,0               ; f>b  14350
>203c	04					.byte 4                                ; -
>203d	0b					.byte 11                               ; =0
>203e	02 00 00 00 00 00 00			.byte 2,0,0,0,0,0,0                    ; f>b  0
>2045	0f					.byte 15                               ; b>a
>2046	02 c5 e5 bd ef 94 01			.byte 2,197,229,189,239,148,1          ; f>b  -981982.360728
>204d	03					.byte 3                                ; +
>204e	02 c5 e5 bd ef 94 01			.byte 2,197,229,189,239,148,1          ; f>b  -981982.360728
>2055	04					.byte 4                                ; -
>2056	0b					.byte 11                               ; =0
>2057	02 6f e4 3a 8c 94 00			.byte 2,111,228,58,140,148,0           ; f>b  574382.277186
>205e	0f					.byte 15                               ; b>a
>205f	02 32 16 f3 c4 94 00			.byte 2,50,22,243,196,148,0            ; f>b  806705.387446
>2066	04					.byte 4                                ; -
>2067	02 0e c7 e0 e2 92 01			.byte 2,14,199,224,226,146,1           ; f>b  -232323.11026
>206e	04					.byte 4                                ; -
>206f	0b					.byte 11                               ; =0
>2070	02 00 00 00 c0 82 01			.byte 2,0,0,0,192,130,1                ; f>b  -3
>2077	0f					.byte 15                               ; b>a
>2078	02 2f ad 09 f9 93 00			.byte 2,47,173,9,249,147,0             ; f>b  510029.412031
>207f	05					.byte 5                                ; *
>2080	02 e3 41 c7 ba 95 01			.byte 2,227,65,199,186,149,1           ; f>b  -1530088.236093
>2087	04					.byte 4                                ; -
>2088	0b					.byte 11                               ; =0
>2089	02 00 00 00 00 00 00			.byte 2,0,0,0,0,0,0                    ; f>b  0
>2090	0f					.byte 15                               ; b>a
>2091	02 0e cf 36 82 94 00			.byte 2,14,207,54,130,148,0            ; f>b  533356.940935
>2098	06					.byte 6                                ; /
>2099	02 00 00 00 00 00 00			.byte 2,0,0,0,0,0,0                    ; f>b  0.0
>20a0	04					.byte 4                                ; -
>20a1	0b					.byte 11                               ; =0
>20a2	02 40 0c 39 ec 94 01			.byte 2,64,12,57,236,148,1             ; f>b  -967568.765641
>20a9	0f					.byte 15                               ; b>a
>20aa	0a					.byte 10                               ; ftoi
>20ab	01 70 3c f1 ff 00 00			.byte 1,112,60,241,255,0,0             ; i>b  -967568
>20b2	0c					.byte 12                               ; int==
>20b3	01 d8 00 04 00 00 00			.byte 1,216,0,4,0,0,0                  ; i>b  262360
>20ba	0f					.byte 15                               ; b>a
>20bb	09					.byte 9                                ; itof
>20bc	02 00 00 1b 80 93 00			.byte 2,0,0,27,128,147,0               ; f>b  262360
>20c3	04					.byte 4                                ; -
>20c4	0b					.byte 11                               ; =0
>20c5	02 fe 25 34 ff 93 00			.byte 2,254,37,52,255,147,0            ; f>b  522657.187359
>20cc	0f					.byte 15                               ; b>a
>20cd	02 00 00 00 00 00 00			.byte 2,0,0,0,0,0,0                    ; f>b  0
>20d4	03					.byte 3                                ; +
>20d5	02 fe 25 34 ff 93 00			.byte 2,254,37,52,255,147,0            ; f>b  522657.187359
>20dc	04					.byte 4                                ; -
>20dd	0b					.byte 11                               ; =0
>20de	02 00 00 00 00 00 00			.byte 2,0,0,0,0,0,0                    ; f>b  0
>20e5	0f					.byte 15                               ; b>a
>20e6	02 9d a1 05 ba 94 00			.byte 2,157,161,5,186,148,0            ; f>b  761946.100998
>20ed	04					.byte 4                                ; -
>20ee	02 9d a1 05 ba 94 01			.byte 2,157,161,5,186,148,1            ; f>b  -761946.100998
>20f5	04					.byte 4                                ; -
>20f6	0b					.byte 11                               ; =0
>20f7	02 27 7f 87 fe 93 00			.byte 2,39,127,135,254,147,0           ; f>b  521275.973591
>20fe	0f					.byte 15                               ; b>a
>20ff	02 e8 a4 50 b1 93 00			.byte 2,232,164,80,177,147,0           ; f>b  363141.153357
>2106	05					.byte 5                                ; *
>2107	02 d9 6f ba 97 9d 00			.byte 2,217,111,186,151,157,0          ; f>b  189296758267.1288
>210e	04					.byte 4                                ; -
>210f	0b					.byte 11                               ; =0
>2110	02 d3 b5 84 f8 92 01			.byte 2,211,181,132,248,146,1          ; f>b  -254482.841033
>2117	0f					.byte 15                               ; b>a
>2118	02 00 00 00 e0 84 00			.byte 2,0,0,0,224,132,0                ; f>b  14
>211f	06					.byte 6                                ; /
>2120	02 0b b1 02 8e 8f 01			.byte 2,11,177,2,142,143,1             ; f>b  -18177.34578807143
>2127	04					.byte 4                                ; -
>2128	0b					.byte 11                               ; =0
>2129	02 43 77 7d e7 92 00			.byte 2,67,119,125,231,146,0           ; f>b  237045.863496
>2130	0f					.byte 15                               ; b>a
>2131	0a					.byte 10                               ; ftoi
>2132	01 f5 9d 03 00 00 00			.byte 1,245,157,3,0,0,0                ; i>b  237045
>2139	0c					.byte 12                               ; int==
>213a	01 2a c7 0c 00 00 00			.byte 1,42,199,12,0,0,0                ; i>b  837418
>2141	0f					.byte 15                               ; b>a
>2142	09					.byte 9                                ; itof
>2143	02 00 a0 72 cc 94 00			.byte 2,0,160,114,204,148,0            ; f>b  837418
>214a	04					.byte 4                                ; -
>214b	0b					.byte 11                               ; =0
>214c	02 00 00 00 00 00 00			.byte 2,0,0,0,0,0,0                    ; f>b  0
>2153	0f					.byte 15                               ; b>a
>2154	02 c4 40 6a c1 93 00			.byte 2,196,64,106,193,147,0           ; f>b  396114.023998
>215b	03					.byte 3                                ; +
>215c	02 c4 40 6a c1 93 00			.byte 2,196,64,106,193,147,0           ; f>b  396114.023998
>2163	04					.byte 4                                ; -
>2164	0b					.byte 11                               ; =0
>2165	02 00 00 00 00 00 00			.byte 2,0,0,0,0,0,0                    ; f>b  0
>216c	0f					.byte 15                               ; b>a
>216d	02 00 e0 10 93 93 01			.byte 2,0,224,16,147,147,1             ; f>b  -301191
>2174	04					.byte 4                                ; -
>2175	02 00 e0 10 93 93 00			.byte 2,0,224,16,147,147,0             ; f>b  301191
>217c	04					.byte 4                                ; -
>217d	0b					.byte 11                               ; =0
>217e	02 91 e0 0c ab 94 01			.byte 2,145,224,12,171,148,1           ; f>b  -700622.035522
>2185	0f					.byte 15                               ; b>a
>2186	02 00 00 00 00 00 00			.byte 2,0,0,0,0,0,0                    ; f>b  0
>218d	05					.byte 5                                ; *
>218e	02 00 00 00 00 00 00			.byte 2,0,0,0,0,0,0                    ; f>b  -0.0
>2195	04					.byte 4                                ; -
>2196	0b					.byte 11                               ; =0
>2197	02 df 20 6b 80 94 00			.byte 2,223,32,107,128,148,0           ; f>b  526002.054624
>219e	0f					.byte 15                               ; b>a
>219f	02 00 00 00 80 83 01			.byte 2,0,0,0,128,131,1                ; f>b  -4
>21a6	06					.byte 6                                ; /
>21a7	02 df 20 6b 80 92 01			.byte 2,223,32,107,128,146,1           ; f>b  -131500.513656
>21ae	04					.byte 4                                ; -
>21af	0b					.byte 11                               ; =0
>21b0	02 00 00 00 80 85 01			.byte 2,0,0,0,128,133,1                ; f>b  -16
>21b7	0f					.byte 15                               ; b>a
>21b8	0a					.byte 10                               ; ftoi
>21b9	01 f0 ff ff ff 00 00			.byte 1,240,255,255,255,0,0            ; i>b  -16
>21c0	0c					.byte 12                               ; int==
>21c1	01 82 5c f6 ff 00 00			.byte 1,130,92,246,255,0,0             ; i>b  -631678
>21c8	0f					.byte 15                               ; b>a
>21c9	09					.byte 9                                ; itof
>21ca	02 00 e0 37 9a 94 01			.byte 2,0,224,55,154,148,1             ; f>b  -631678
>21d1	04					.byte 4                                ; -
>21d2	0b					.byte 11                               ; =0
>21d3	02 40 9e 78 a3 93 01			.byte 2,64,158,120,163,147,1           ; f>b  -334788.945402
>21da	0f					.byte 15                               ; b>a
>21db	02 00 00 00 00 00 00			.byte 2,0,0,0,0,0,0                    ; f>b  0
>21e2	03					.byte 3                                ; +
>21e3	02 40 9e 78 a3 93 01			.byte 2,64,158,120,163,147,1           ; f>b  -334788.945402
>21ea	04					.byte 4                                ; -
>21eb	0b					.byte 11                               ; =0
>21ec	02 4b f2 04 a0 94 00			.byte 2,75,242,4,160,148,0             ; f>b  655439.143467
>21f3	0f					.byte 15                               ; b>a
>21f4	02 d5 9e ff e6 94 00			.byte 2,213,158,255,230,148,0          ; f>b  946169.927083
>21fb	04					.byte 4                                ; -
>21fc	02 13 59 f5 8d 93 01			.byte 2,19,89,245,141,147,1            ; f>b  -290730.783616
>2203	04					.byte 4                                ; -
>2204	0b					.byte 11                               ; =0
>2205	02 5d 19 a4 a3 94 01			.byte 2,93,25,164,163,148,1            ; f>b  -670273.58536
>220c	0f					.byte 15                               ; b>a
>220d	02 e9 a1 7c b1 94 01			.byte 2,233,161,124,177,148,1          ; f>b  -726986.119473
>2214	05					.byte 5                                ; *
>2215	02 cc 0a 41 e8 9f 00			.byte 2,204,10,65,232,159,0            ; f>b  487279592806.1211
>221c	04					.byte 4                                ; -
>221d	0b					.byte 11                               ; =0
>221e	02 69 95 03 a4 91 01			.byte 2,105,149,3,164,145,1            ; f>b  -83975.167271
>2225	0f					.byte 15                               ; b>a
>2226	02 af 3d 1b a0 94 00			.byte 2,175,61,27,160,148,0            ; f>b  655795.855462
>222d	06					.byte 6                                ; /
>222e	02 04 be 1f 83 7e 01			.byte 2,4,190,31,131,126,1             ; f>b  -0.12805077459942246
>2235	04					.byte 4                                ; -
>2236	0b					.byte 11                               ; =0
>2237	02 00 00 00 00 00 00			.byte 2,0,0,0,0,0,0                    ; f>b  0
>223e	0f					.byte 15                               ; b>a
>223f	0a					.byte 10                               ; ftoi
>2240	01 00 00 00 00 00 00			.byte 1,0,0,0,0,0,0                    ; i>b  0
>2247	0c					.byte 12                               ; int==
>2248	01 2f 3c fb ff 00 00			.byte 1,47,60,251,255,0,0              ; i>b  -312273
>224f	0f					.byte 15                               ; b>a
>2250	09					.byte 9                                ; itof
>2251	02 00 20 7a 98 93 01			.byte 2,0,32,122,152,147,1             ; f>b  -312273
>2258	04					.byte 4                                ; -
>2259	0b					.byte 11                               ; =0
>225a	10					.byte 16                               ; halt

;******  Return to file: test.asm

>fffc	00 10						.word	Startup

;******  End of listing
